

================================================================
== Synthesis Summary Report of 'passthrough_stream'
================================================================
+ General Information: 
    * Date:           Fri Jun 12 17:47:34 2026
    * Version:        2023.2 (Build 4023990 on Oct 11 2023)
    * Project:        ex3_passthrough_prj
    * Solution:       sol1 (Vivado IP Flow Target)
    * Product family: zynq
    * Target device:  xc7z100-ffg900-2
    

+ Performance & Resource Estimates: 
    
    PS: '+' for module; 'o' for loop; '*' for dataflow
    +----------------------+------+------+---------+--------+----------+---------+------+----------+------+----+-----------+-----------+-----+
    |        Modules       | Issue|      | Latency | Latency| Iteration|         | Trip |          |      |    |           |           |     |
    |        & Loops       | Type | Slack| (cycles)|  (ns)  |  Latency | Interval| Count| Pipelined| BRAM | DSP|     FF    |    LUT    | URAM|
    +----------------------+------+------+---------+--------+----------+---------+------+----------+------+----+-----------+-----------+-----+
    |+ passthrough_stream  |     -|  4.11|        -|       -|         -|        -|     -|        no|     -|   -|  184 (~0%)|  237 (~0%)|    -|
    | o VITIS_LOOP_13_1    |     -|  7.30|        -|       -|         3|        1|     -|       yes|     -|   -|          -|          -|    -|
    +----------------------+------+------+---------+--------+----------+---------+------+----------+------+----+-----------+-----------+-----+


================================================================
== HW Interfaces
================================================================
* S_AXILITE Interfaces
+------------+------------+---------------+--------+----------+
| Interface  | Data Width | Address Width | Offset | Register |
+------------+------------+---------------+--------+----------+
| s_axi_ctrl | 32         | 5             | 16     | 0        |
+------------+------------+---------------+--------+----------+

* S_AXILITE Registers
+------------+-----------+--------+-------+--------+----------------------------------+----------------------------------------------------------------------+
| Interface  | Register  | Offset | Width | Access | Description                      | Bit Fields                                                           |
+------------+-----------+--------+-------+--------+----------------------------------+----------------------------------------------------------------------+
| s_axi_ctrl | CTRL      | 0x00   | 32    | RW     | Control signals                  | 0=AP_START 1=AP_DONE 2=AP_IDLE 3=AP_READY 7=AUTO_RESTART 9=INTERRUPT |
| s_axi_ctrl | GIER      | 0x04   | 32    | RW     | Global Interrupt Enable Register | 0=Enable                                                             |
| s_axi_ctrl | IP_IER    | 0x08   | 32    | RW     | IP Interrupt Enable Register     | 0=CHAN0_INT_EN 1=CHAN1_INT_EN                                        |
| s_axi_ctrl | IP_ISR    | 0x0c   | 32    | RW     | IP Interrupt Status Register     | 0=CHAN0_INT_ST 1=CHAN1_INT_ST                                        |
| s_axi_ctrl | n_samples | 0x10   | 32    | W      | Data signal of n_samples         |                                                                      |
+------------+-----------+--------+-------+--------+----------------------------------+----------------------------------------------------------------------+

* AXIS
+------------+-----------+---------------+-------+-------+-------+--------+-------+--------+
| Interface  | Direction | Register Mode | TDATA | TKEEP | TLAST | TREADY | TSTRB | TVALID |
+------------+-----------+---------------+-------+-------+-------+--------+-------+--------+
| in_stream  | in        | both          | 32    | 4     | 1     | 1      | 4     | 1      |
| out_stream | out       | both          | 32    | 4     | 1     | 1      | 4     | 1      |
+------------+-----------+---------------+-------+-------+-------+--------+-------+--------+

* TOP LEVEL CONTROL
+-----------+------------+-----------+
| Interface | Type       | Ports     |
+-----------+------------+-----------+
| ap_clk    | clock      | ap_clk    |
| ap_rst_n  | reset      | ap_rst_n  |
| interrupt | interrupt  | interrupt |
| ap_ctrl   | ap_ctrl_hs |           |
+-----------+------------+-----------+


================================================================
== SW I/O Information
================================================================
* Top Function Arguments
+------------+-----------+--------------------------------------------------------+
| Argument   | Direction | Datatype                                               |
+------------+-----------+--------------------------------------------------------+
| in_stream  | in        | stream<hls::axis<ap_int<32>, 0, 0, 0, '8', false>, 0>& |
| out_stream | out       | stream<hls::axis<ap_int<32>, 0, 0, 0, '8', false>, 0>& |
| n_samples  | in        | int                                                    |
+------------+-----------+--------------------------------------------------------+

* SW-to-HW Mapping
+------------+--------------+-----------+-------------------------------------+
| Argument   | HW Interface | HW Type   | HW Info                             |
+------------+--------------+-----------+-------------------------------------+
| in_stream  | in_stream    | interface |                                     |
| out_stream | out_stream   | interface |                                     |
| n_samples  | s_axi_ctrl   | register  | name=n_samples offset=0x10 range=32 |
+------------+--------------+-----------+-------------------------------------+


================================================================
== Bind Op Report
================================================================
+----------------------+-----+--------+----------+-----+--------+---------+
| Name                 | DSP | Pragma | Variable | Op  | Impl   | Latency |
+----------------------+-----+--------+----------+-----+--------+---------+
| + passthrough_stream | 0   |        |          |     |        |         |
|   add_ln13_fu_125_p2 |     |        | add_ln13 | add | fabric | 0       |
+----------------------+-----+--------+----------+-----+--------+---------+


================================================================
== Storage Report
================================================================
+----------------------+-----------+-----------+------+------+--------+----------+------+---------+------------------+
| Name                 | Usage     | Type      | BRAM | URAM | Pragma | Variable | Impl | Latency | Bitwidth, Depth, |
|                      |           |           |      |      |        |          |      |         | Banks            |
+----------------------+-----------+-----------+------+------+--------+----------+------+---------+------------------+
| + passthrough_stream |           |           | 0    | 0    |        |          |      |         |                  |
|   ctrl_s_axi_U       | interface | s_axilite |      |      |        |          |      |         |                  |
+----------------------+-----------+-----------+------+------+--------+----------+------+---------+------------------+


================================================================
== Pragma Report
================================================================
* Valid Pragma Syntax
+-----------+--------------------------------------+-----------------------------------------------------+
| Type      | Options                              | Location                                            |
+-----------+--------------------------------------+-----------------------------------------------------+
| interface | axis port=in_stream                  | passthrough.cpp:8 in passthrough_stream, in_stream  |
| interface | axis port=out_stream                 | passthrough.cpp:9 in passthrough_stream, out_stream |
| interface | s_axilite port=n_samples bundle=ctrl | passthrough.cpp:10 in passthrough_stream, n_samples |
| interface | s_axilite port=return bundle=ctrl    | passthrough.cpp:11 in passthrough_stream, return    |
| pipeline  | II=1                                 | passthrough.cpp:14 in passthrough_stream            |
+-----------+--------------------------------------+-----------------------------------------------------+


