

================================================================
== Synthesis Summary Report of 'passthrough'
================================================================
+ General Information: 
    * Date:           Fri Jun 12 16:27:09 2026
    * Version:        2023.2 (Build 4023990 on Oct 11 2023)
    * Project:        ex1_hello_prj
    * Solution:       sol1 (Vivado IP Flow Target)
    * Product family: zynq
    * Target device:  xc7z100-ffg900-2
    

+ Performance & Resource Estimates: 
    
    PS: '+' for module; 'o' for loop; '*' for dataflow
    +---------------+------+------+---------+--------+----------+---------+------+----------+------+----+---+----+-----+
    |    Modules    | Issue|      | Latency | Latency| Iteration|         | Trip |          |      |    |   |    |     |
    |    & Loops    | Type | Slack| (cycles)|  (ns)  |  Latency | Interval| Count| Pipelined| BRAM | DSP| FF| LUT| URAM|
    +---------------+------+------+---------+--------+----------+---------+------+----------+------+----+---+----+-----+
    |+ passthrough  |     -|  7.30|        0|   0.000|         -|        1|     -|        no|     -|   -|  -|   -|    -|
    +---------------+------+------+---------+--------+----------+---------+------+----------+------+----+---+----+-----+


================================================================
== HW Interfaces
================================================================
* Other Ports
+---------+---------+-----------+----------+
| Port    | Mode    | Direction | Bitwidth |
+---------+---------+-----------+----------+
| in_val  | ap_none | in        | 32       |
| out_val | ap_vld  | out       | 32       |
+---------+---------+-----------+----------+

* TOP LEVEL CONTROL
+-----------+------------+-----------------------------------+
| Interface | Type       | Ports                             |
+-----------+------------+-----------------------------------+
| ap_ctrl   | ap_ctrl_hs | ap_done ap_idle ap_ready ap_start |
+-----------+------------+-----------------------------------+


================================================================
== SW I/O Information
================================================================
* Top Function Arguments
+----------+-----------+----------+
| Argument | Direction | Datatype |
+----------+-----------+----------+
| in_val   | in        | int      |
| out_val  | out       | int&     |
+----------+-----------+----------+

* SW-to-HW Mapping
+----------+----------------+---------+
| Argument | HW Interface   | HW Type |
+----------+----------------+---------+
| in_val   | in_val         | port    |
| out_val  | out_val        | port    |
| out_val  | out_val_ap_vld | port    |
+----------+----------------+---------+


================================================================
== Bind Op Report
================================================================
  No bind op info in design

================================================================
== Storage Report
================================================================
  No bind storage info in design

================================================================
== Pragma Report
================================================================
  No pragmas found

